c[?7l[2J[0mSeaBIOS (version rel-1.16.3-0-ga6ed6b701f0a-prebuilt.qemu.org)
Booting from ROM...
c[?7l[2J[    0.000000] Linux version 6.6.142-0-virt (buildozer@build-3-20-x86_64) (gcc (Alpine 13.2.1_git20240309) 13.2.1 20240309, GNU ld (GNU Binutils) 2.42) #1-Alpine SMP PREEMPT_DYNAMIC 2026-06-04 05:37:20
[    0.000000] Command line: console=ttyS0 rdinit=/init panic=-1
[    0.000000] BIOS-provided physical RAM map:
[    0.000000] BIOS-e820: [mem 0x0000000000000000-0x000000000009fbff] usable
[    0.000000] BIOS-e820: [mem 0x000000000009fc00-0x000000000009ffff] reserved
[    0.000000] BIOS-e820: [mem 0x00000000000f0000-0x00000000000fffff] reserved
[    0.000000] BIOS-e820: [mem 0x0000000000100000-0x000000007ffdffff] usable
[    0.000000] BIOS-e820: [mem 0x000000007ffe0000-0x000000007fffffff] reserved
[    0.000000] BIOS-e820: [mem 0x00000000feffc000-0x00000000feffffff] reserved
[    0.000000] BIOS-e820: [mem 0x00000000fffc0000-0x00000000ffffffff] reserved
[    0.000000] NX (Execute Disable) protection: active
[    0.000000] APIC: Static calls initialized
[    0.000000] SMBIOS 2.8 present.
[    0.000000] DMI: QEMU Standard PC (i440FX + PIIX, 1996), BIOS rel-1.16.3-0-ga6ed6b701f0a-prebuilt.qemu.org 04/01/2014
[    0.000000] Hypervisor detected: KVM
[    0.000000] kvm-clock: Using msrs 4b564d01 and 4b564d00
[    0.000000] kvm-clock: using sched offset of 285589454 cycles
[    0.000001] clocksource: kvm-clock: mask: 0xffffffffffffffff max_cycles: 0x1cd42e4dffb, max_idle_ns: 881590591483 ns
[    0.000003] tsc: Detected 2793.436 MHz processor
[    0.000684] last_pfn = 0x7ffe0 max_arch_pfn = 0x400000000
[    0.000781] MTRR map: 4 entries (3 fixed + 1 variable; max 19), built from 8 variable MTRRs
[    0.000786] x86/PAT: Configuration [0-7]: WB  WC  UC- UC  WB  WP  UC- WT  
[    0.000934] Using GB pages for direct mapping
[    0.001015] RAMDISK: [mem 0x77082000-0x7ffdffff]
[    0.001018] ACPI: Early table checksum verification disabled
[    0.001025] ACPI: RSDP 0x00000000000F52A0 000014 (v00 BOCHS )
[    0.001036] ACPI: RSDT 0x000000007FFE1C9B 000034 (v01 BOCHS  BXPC     00000001 BXPC 00000001)
[    0.001040] ACPI: FACP 0x000000007FFE1B47 000074 (v01 BOCHS  BXPC     00000001 BXPC 00000001)
[    0.001044] ACPI: DSDT 0x000000007FFE0040 001B07 (v01 BOCHS  BXPC     00000001 BXPC 00000001)
[    0.001046] ACPI: FACS 0x000000007FFE0000 000040
[    0.001048] ACPI: APIC 0x000000007FFE1BBB 000080 (v03 BOCHS  BXPC     00000001 BXPC 00000001)
[    0.001050] ACPI: HPET 0x000000007FFE1C3B 000038 (v01 BOCHS  BXPC     00000001 BXPC 00000001)
[    0.001052] ACPI: WAET 0x000000007FFE1C73 000028 (v01 BOCHS  BXPC     00000001 BXPC 00000001)
[    0.001054] ACPI: Reserving FACP table memory at [mem 0x7ffe1b47-0x7ffe1bba]
[    0.001055] ACPI: Reserving DSDT table memory at [mem 0x7ffe0040-0x7ffe1b46]
[    0.001056] ACPI: Reserving FACS table memory at [mem 0x7ffe0000-0x7ffe003f]
[    0.001057] ACPI: Reserving APIC table memory at [mem 0x7ffe1bbb-0x7ffe1c3a]
[    0.001057] ACPI: Reserving HPET table memory at [mem 0x7ffe1c3b-0x7ffe1c72]
[    0.001058] ACPI: Reserving WAET table memory at [mem 0x7ffe1c73-0x7ffe1c9a]
[    0.001484] Zone ranges:
[    0.001485]   DMA      [mem 0x0000000000001000-0x0000000000ffffff]
[    0.001487]   DMA32    [mem 0x0000000001000000-0x000000007ffdffff]
[    0.001488]   Normal   empty
[    0.001488] Movable zone start for each node
[    0.001489] Early memory node ranges
[    0.001489]   node   0: [mem 0x0000000000001000-0x000000000009efff]
[    0.001490]   node   0: [mem 0x0000000000100000-0x000000007ffdffff]
[    0.001492] Initmem setup node 0 [mem 0x0000000000001000-0x000000007ffdffff]
[    0.001847] On node 0, zone DMA: 1 pages in unavailable ranges
[    0.001857] On node 0, zone DMA: 97 pages in unavailable ranges
[    0.009846] On node 0, zone DMA32: 32 pages in unavailable ranges
[    0.010815] ACPI: PM-Timer IO Port: 0x608
[    0.010835] ACPI: LAPIC_NMI (acpi_id[0xff] dfl dfl lint[0x1])
[    0.010904] IOAPIC[0]: apic_id 0, version 17, address 0xfec00000, GSI 0-23
[    0.010906] ACPI: INT_SRC_OVR (bus 0 bus_irq 0 global_irq 2 dfl dfl)
[    0.010908] ACPI: INT_SRC_OVR (bus 0 bus_irq 5 global_irq 5 high level)
[    0.010909] ACPI: INT_SRC_OVR (bus 0 bus_irq 9 global_irq 9 high level)
[    0.010910] ACPI: INT_SRC_OVR (bus 0 bus_irq 10 global_irq 10 high level)
[    0.010911] ACPI: INT_SRC_OVR (bus 0 bus_irq 11 global_irq 11 high level)
[    0.010914] ACPI: Using ACPI (MADT) for SMP configuration information
[    0.010915] ACPI: HPET id: 0x8086a201 base: 0xfed00000
[    0.010919] TSC deadline timer available
[    0.010920] smpboot: Allowing 2 CPUs, 0 hotplug CPUs
[    0.010944] kvm-guest: APIC: eoi() replaced with kvm_guest_apic_eoi_write()
[    0.010966] kvm-guest: KVM setup pv remote TLB flush
[    0.010976] kvm-guest: setup PV sched yield
[    0.010983] [mem 0x80000000-0xfeffbfff] available for PCI devices
[    0.010984] Booting paravirtualized kernel on KVM
[    0.010985] clocksource: refined-jiffies: mask: 0xffffffff max_cycles: 0xffffffff, max_idle_ns: 19112604462750000 ns
[    0.014644] setup_percpu: NR_CPUS:256 nr_cpumask_bits:2 nr_cpu_ids:2 nr_node_ids:1
[    0.015157] percpu: Embedded 57 pages/cpu s195112 r8192 d30168 u1048576
[    0.015222] kvm-guest: PV spinlocks enabled
[    0.015224] PV qspinlock hash table entries: 256 (order: 0, 4096 bytes, linear)
[    0.015226] Kernel command line: console=ttyS0 rdinit=/init panic=-1
[    0.015253] random: crng init done
[    0.015723] Dentry cache hash table entries: 262144 (order: 9, 2097152 bytes, linear)
[    0.016156] Inode-cache hash table entries: 131072 (order: 8, 1048576 bytes, linear)
[    0.016234] Built 1 zonelists, mobility grouping on.  Total pages: 515808
[    0.016721] mem auto-init: stack:all(zero), heap alloc:on, heap free:off
[    0.020830] Memory: 1875364K/2096632K available (14336K kernel code, 1792K rwdata, 8300K rodata, 2728K init, 1976K bss, 221008K reserved, 0K cma-reserved)
[    0.020989] SLUB: HWalign=64, Order=0-3, MinObjects=0, CPUs=2, Nodes=1
[    0.021685] Dynamic Preempt: none
[    0.022074] rcu: Preemptible hierarchical RCU implementation.
[    0.022075] rcu: 	RCU restricting CPUs from NR_CPUS=256 to nr_cpu_ids=2.
[    0.022076] 	Trampoline variant of Tasks RCU enabled.
[    0.022077] 	Tracing variant of Tasks RCU enabled.
[    0.022077] rcu: RCU calculated value of scheduler-enlistment delay is 10 jiffies.
[    0.022078] rcu: Adjusting geometry for rcu_fanout_leaf=16, nr_cpu_ids=2
[    0.024484] NR_IRQS: 16640, nr_irqs: 440, preallocated irqs: 16
[    0.024706] rcu: srcu_init: Setting srcu_struct sizes based on contention.
[    0.024821] kfence: initialized - using 2097152 bytes for 255 objects at 0x(____ptrval____)-0x(____ptrval____)
[    0.050787] Console: colour VGA+ 80x25
[    0.050860] printk: console [ttyS0] enabled
[    0.168924] ACPI: Core revision 20230628
[    0.169896] clocksource: hpet: mask: 0xffffffff max_cycles: 0xffffffff, max_idle_ns: 19112604467 ns
[    0.171767] APIC: Switch to symmetric I/O mode setup
[    0.173168] x2apic enabled
[    0.174191] APIC: Switched APIC routing to: physical x2apic
[    0.175251] kvm-guest: APIC: send_IPI_mask() replaced with kvm_send_ipi_mask()
[    0.176646] kvm-guest: APIC: send_IPI_mask_allbutself() replaced with kvm_send_ipi_mask_allbutself()
[    0.178352] kvm-guest: setup PV IPIs
[    0.181169] ..TIMER: vector=0x30 apic1=0 pin1=2 apic2=-1 pin2=-1
[    0.182376] clocksource: tsc-early: mask: 0xffffffffffffffff max_cycles: 0x284407e0e7a, max_idle_ns: 440795310592 ns
[    0.184385] Calibrating delay loop (skipped) preset value.. 5586.87 BogoMIPS (lpj=27934360)
[    0.186313] x86/cpu: User Mode Instruction Prevention (UMIP) activated
[    0.187557] Last level iTLB entries: 4KB 0, 2MB 0, 4MB 0
[    0.188564] Last level dTLB entries: 4KB 0, 2MB 0, 4MB 0, 1GB 0
[    0.189683] Spectre V1 : Mitigation: usercopy/swapgs barriers and __user pointer sanitization
[    0.191270] Spectre V2 : Mitigation: Retpolines
[    0.194388] Spectre V2 : Spectre v2 / SpectreRSB: Filling RSB on context switch and VMEXIT
[    0.195927] RETBleed: WARNING: Spectre v2 mitigation leaves CPU vulnerable to RETBleed attacks, data leaks possible!
[    0.197866] RETBleed: Vulnerable
[    0.198483] Speculative Store Bypass: Vulnerable
[    0.199348] MMIO Stale Data: Vulnerable: Clear CPU buffers attempted, no microcode
[    0.200768] active return thunk: its_return_thunk
[    0.201649] ITS: Mitigation: Aligned branch/return thunks
[    0.202747] x86/fpu: Supporting XSAVE feature 0x001: 'x87 floating point registers'
[    0.204383] x86/fpu: Supporting XSAVE feature 0x002: 'SSE registers'
[    0.205560] x86/fpu: Supporting XSAVE feature 0x004: 'AVX registers'
[    0.206745] x86/fpu: Supporting XSAVE feature 0x020: 'AVX-512 opmask'
[    0.207940] x86/fpu: Supporting XSAVE feature 0x040: 'AVX-512 Hi256'
[    0.209117] x86/fpu: Supporting XSAVE feature 0x080: 'AVX-512 ZMM_Hi256'
[    0.210355] x86/fpu: xstate_offset[2]:  576, xstate_sizes[2]:  256
[    0.211505] x86/fpu: xstate_offset[5]:  832, xstate_sizes[5]:   64
[    0.212651] x86/fpu: xstate_offset[6]:  896, xstate_sizes[6]:  512
[    0.213798] x86/fpu: xstate_offset[7]: 1408, xstate_sizes[7]: 1024
[    0.214382] x86/fpu: Enabled xstate features 0xe7, context size is 2432 bytes, using 'compacted' format.
[    0.229632] Freeing SMP alternatives memory: 36K
[    0.230538] pid_max: default: 32768 minimum: 301
[    0.231449] LSM: initializing lsm=lockdown,capability,landlock,integrity
[    0.232725] landlock: Up and running.
[    0.233443] Mount-cache hash table entries: 4096 (order: 3, 32768 bytes, linear)
[    0.234392] Mountpoint-cache hash table entries: 4096 (order: 3, 32768 bytes, linear)
[    0.236164] smpboot: CPU0: Intel(R) Xeon(R) Platinum 8370C CPU @ 2.80GHz (family: 0x6, model: 0x6a, stepping: 0x6)
[    0.238620] RCU Tasks: Setting shift to 1 and lim to 1 rcu_task_cb_adjust=1 rcu_task_cpu_ids=2.
[    0.240275] RCU Tasks Trace: Setting shift to 1 and lim to 1 rcu_task_cb_adjust=1 rcu_task_cpu_ids=2.
[    0.242006] Performance Events: unsupported p6 CPU model 106 no PMU driver, software events only.
[    0.243731] signal: max sigframe size: 3632
[    0.244381] rcu: Hierarchical SRCU implementation.
[    0.244381] rcu: 	Max phase no-delay instances is 1000.
[    0.246143] NMI watchdog: Perf NMI watchdog permanently disabled
[    0.247318] smp: Bringing up secondary CPUs ...
[    0.248306] smpboot: x86: Booting SMP configuration:
[    0.249246] .... node  #0, CPUs:      #1
[    0.249797] smp: Brought up 1 node, 2 CPUs
[    0.249797] smpboot: Max logical packages: 1
[    0.249797] ----------------
[    0.249797] | NMI testsuite:
[    0.249797] --------------------
[    0.254395]   remote IPI:  ok  |
[    0.255052]    local IPI:  ok  |
[    0.255692] --------------------
[    0.256314] Good, all   2 testcases passed! |
[    0.257147] ---------------------------------
[    0.257980] smpboot: Total of 2 processors activated (11173.74 BogoMIPS)
[    0.259535] devtmpfs: initialized
[    0.259535] x86/mm: Memory block size: 128MB
[    0.259535] clocksource: jiffies: mask: 0xffffffff max_cycles: 0xffffffff, max_idle_ns: 19112604462750000 ns
[    0.259535] futex hash table entries: 512 (order: 3, 32768 bytes, linear)
[    0.265218] NET: Registered PF_NETLINK/PF_ROUTE protocol family
[    0.266399] audit: initializing netlink subsys (disabled)
[    0.267455] audit: type=2000 audit(1789722274.869:1): state=initialized audit_enabled=0 res=1
[    0.267455] thermal_sys: Registered thermal governor 'step_wise'
[    0.267455] cpuidle: using governor ladder
[    0.268418] cpuidle: using governor menu
[    0.269282] acpiphp: ACPI Hot Plug PCI Controller Driver version: 0.5
[    0.270635] PCI: Using configuration type 1 for base access
[    0.274549] kprobes: kprobe jump-optimization is enabled. All kprobes are optimized if possible.
[    0.279210] HugeTLB: registered 1.00 GiB page size, pre-allocated 0 pages
[    0.279210] HugeTLB: 16380 KiB vmemmap can be freed for a 1.00 GiB page
[    0.279210] HugeTLB: registered 2.00 MiB page size, pre-allocated 0 pages
[    0.279210] HugeTLB: 28 KiB vmemmap can be freed for a 2.00 MiB page
[    0.284435] ACPI: Added _OSI(Module Device)
[    0.285226] ACPI: Added _OSI(Processor Device)
[    0.286065] ACPI: Added _OSI(Processor Aggregator Device)
[    0.287458] ACPI: 1 ACPI AML tables successfully acquired and loaded
[    0.289728] ACPI: _OSC evaluation for CPUs failed, trying _PDC
[    0.289728] ACPI: Interpreter enabled
[    0.289728] ACPI: PM: (supports S0 S3 S5)
[    0.289728] ACPI: Using IOAPIC for interrupt routing
[    0.289728] PCI: Using host bridge windows from ACPI; if necessary, use "pci=nocrs" and report a bug
[    0.294390] PCI: Using E820 reservations for host bridge windows
[    0.295585] ACPI: Enabled 2 GPEs in block 00 to 0F
[    0.298557] ACPI: PCI Root Bridge [PCI0] (domain 0000 [bus 00-ff])
[    0.299728] acpi PNP0A03:00: _OSC: OS supports [ASPM ClockPM Segments MSI HPX-Type3]
[    0.301170] acpi PNP0A03:00: _OSC: not requesting OS control; OS requires [ExtendedConfig ASPM ClockPM MSI]
[    0.302996] acpi PNP0A03:00: fail to add MMCONFIG information, can't access extended configuration space under this bridge
[    0.304678] acpiphp: Slot [3] registered
[    0.305454] acpiphp: Slot [4] registered
[    0.306216] acpiphp: Slot [5] registered
[    0.306981] acpiphp: Slot [6] registered
[    0.307753] acpiphp: Slot [7] registered
[    0.308517] acpiphp: Slot [8] registered
[    0.309287] acpiphp: Slot [9] registered
[    0.310048] acpiphp: Slot [10] registered
[    0.310825] acpiphp: Slot [11] registered
[    0.311602] acpiphp: Slot [12] registered
[    0.312378] acpiphp: Slot [13] registered
[    0.313159] acpiphp: Slot [14] registered
[    0.313947] acpiphp: Slot [15] registered
[    0.314408] acpiphp: Slot [16] registered
[    0.315195] acpiphp: Slot [17] registered
[    0.315978] acpiphp: Slot [18] registered
[    0.316781] acpiphp: Slot [19] registered
[    0.317568] acpiphp: Slot [20] registered
[    0.318346] acpiphp: Slot [21] registered
[    0.319123] acpiphp: Slot [22] registered
[    0.319905] acpiphp: Slot [23] registered
[    0.320692] acpiphp: Slot [24] registered
[    0.321470] acpiphp: Slot [25] registered
[    0.322251] acpiphp: Slot [26] registered
[    0.323025] acpiphp: Slot [27] registered
[    0.323798] acpiphp: Slot [28] registered
[    0.324409] acpiphp: Slot [29] registered
[    0.325189] acpiphp: Slot [30] registered
[    0.325966] acpiphp: Slot [31] registered
[    0.326741] PCI host bridge to bus 0000:00
[    0.327515] pci_bus 0000:00: root bus resource [io  0x0000-0x0cf7 window]
[    0.328791] pci_bus 0000:00: root bus resource [io  0x0d00-0xffff window]
[    0.330058] pci_bus 0000:00: root bus resource [mem 0x000a0000-0x000bffff window]
[    0.331450] pci_bus 0000:00: root bus resource [mem 0x80000000-0xfebfffff window]
[    0.332879] pci_bus 0000:00: root bus resource [mem 0x100000000-0x17fffffff window]
[    0.334309] pci_bus 0000:00: root bus resource [bus 00-ff]
[    0.334460] pci 0000:00:00.0: [8086:1237] type 00 class 0x060000
[    0.336272] pci 0000:00:01.0: [8086:7000] type 00 class 0x060100
[    0.338439] pci 0000:00:01.1: [8086:7010] type 00 class 0x010180
[    0.343378] pci 0000:00:01.1: BAR 4 [io  0xc020-0xc02f]
[    0.345999] pci 0000:00:01.1: BAR 0 [io  0x01f0-0x01f7]: legacy IDE quirk
[    0.348184] pci 0000:00:01.1: BAR 1 [io  0x03f6]: legacy IDE quirk
[    0.349341] pci 0000:00:01.1: BAR 2 [io  0x0170-0x0177]: legacy IDE quirk
[    0.350607] pci 0000:00:01.1: BAR 3 [io  0x0376]: legacy IDE quirk
[    0.352072] pci 0000:00:01.3: [8086:7113] type 00 class 0x068000
[    0.353948] pci 0000:00:01.3: quirk: [io  0x0600-0x063f] claimed by PIIX4 ACPI
[    0.354403] pci 0000:00:01.3: quirk: [io  0x0700-0x070f] claimed by PIIX4 SMB
[    0.356090] pci 0000:00:02.0: [1234:1111] type 00 class 0x030000
[    0.359031] pci 0000:00:02.0: BAR 0 [mem 0xfd000000-0xfdffffff pref]
[    0.363638] pci 0000:00:02.0: BAR 2 [mem 0xfebf0000-0xfebf0fff]
[    0.371568] pci 0000:00:02.0: ROM [mem 0xfebe0000-0xfebeffff pref]
[    0.372823] pci 0000:00:02.0: Video device with shadowed ROM at [mem 0x000c0000-0x000dffff]
[    0.374819] pci 0000:00:03.0: [1af4:1009] type 00 class 0x000200
[    0.378110] pci 0000:00:03.0: BAR 0 [io  0xc000-0xc01f]
[    0.381781] pci 0000:00:03.0: BAR 1 [mem 0xfebf1000-0xfebf1fff]
[    0.388507] pci 0000:00:03.0: BAR 4 [mem 0xfe000000-0xfe003fff 64bit pref]
[    0.394538] ACPI: PCI: Interrupt link LNKA configured for IRQ 10
[    0.395763] ACPI: PCI: Interrupt link LNKB configured for IRQ 10
[    0.396977] ACPI: PCI: Interrupt link LNKC configured for IRQ 11
[    0.398221] ACPI: PCI: Interrupt link LNKD configured for IRQ 11
[    0.399389] ACPI: PCI: Interrupt link LNKS configured for IRQ 9
[    0.400746] iommu: Default domain type: Translated
[    0.401685] iommu: DMA domain TLB invalidation policy: lazy mode
[    0.402889] SCSI subsystem initialized
[    0.403632] pps_core: LinuxPPS API ver. 1 registered
[    0.404392] pps_core: Software ver. 5.3.6 - Copyright 2005-2007 Rodolfo Giometti <giometti@linux.it>
[    0.406875] PTP clock support registered
[    0.407989] PCI: Using ACPI for IRQ routing
[    0.407989] clocksource: Switched to clocksource kvm-clock
[    0.407989] VFS: Disk quotas dquot_6.6.0
[    0.407989] VFS: Dquot-cache hash table entries: 512 (order 0, 4096 bytes)
[    0.407989] pnp: PnP ACPI init
[    0.408835] pnp: PnP ACPI: found 6 devices
[    0.416031] clocksource: acpi_pm: mask: 0xffffff max_cycles: 0xffffff, max_idle_ns: 2085701024 ns
[    0.418311] NET: Registered PF_INET protocol family
[    0.419421] IP idents hash table entries: 32768 (order: 6, 262144 bytes, linear)
[    0.421422] tcp_listen_portaddr_hash hash table entries: 1024 (order: 2, 16384 bytes, linear)
[    0.423274] Table-perturb hash table entries: 65536 (order: 6, 262144 bytes, linear)
[    0.424965] TCP established hash table entries: 16384 (order: 5, 131072 bytes, linear)
[    0.426697] TCP bind hash table entries: 16384 (order: 7, 524288 bytes, linear)
[    0.428296] TCP: Hash tables configured (established 16384 bind 16384)
[    0.429767] MPTCP token hash table entries: 2048 (order: 4, 49152 bytes, linear)
[    0.431371] UDP hash table entries: 1024 (order: 3, 32768 bytes, linear)
[    0.432816] UDP-Lite hash table entries: 1024 (order: 3, 32768 bytes, linear)
[    0.434387] NET: Registered PF_UNIX/PF_LOCAL protocol family
[    0.435630] NET: Registered PF_XDP protocol family
[    0.436661] pci_bus 0000:00: resource 4 [io  0x0000-0x0cf7 window]
[    0.437977] pci_bus 0000:00: resource 5 [io  0x0d00-0xffff window]
[    0.439309] pci_bus 0000:00: resource 6 [mem 0x000a0000-0x000bffff window]
[    0.440798] pci_bus 0000:00: resource 7 [mem 0x80000000-0xfebfffff window]
[    0.442254] pci_bus 0000:00: resource 8 [mem 0x100000000-0x17fffffff window]
[    0.443799] pci 0000:00:01.0: PIIX3: Enabling Passive Release
[    0.445379] pci 0000:00:00.0: Limiting direct PCI/PCI transfers
[    0.447121] PCI: CLS 0 bytes, default 64
[    0.448072] clocksource: tsc: mask: 0xffffffffffffffff max_cycles: 0x284407e0e7a, max_idle_ns: 440795310592 ns
[    0.448127] Unpacking initramfs...
[    0.450368] Initialise system trusted keyrings
[    0.469742] workingset: timestamp_bits=46 max_order=19 bucket_order=0
[    0.471210] zbud: loaded
[    0.471836] Key type asymmetric registered
[    0.472733] Asymmetric key parser 'x509' registered
[    0.473821] Block layer SCSI generic (bsg) driver version 0.4 loaded (major 247)
[    0.475655] io scheduler mq-deadline registered
[    0.476626] io scheduler kyber registered
[    0.477491] io scheduler bfq registered
[    0.478558] ERST DBG: ERST support is disabled.
[    0.492628] ACPI: \_SB_.LNKC: Enabled at IRQ 11
[    0.495614] Serial: 8250/16550 driver, 4 ports, IRQ sharing enabled
[    0.497195] 00:04: ttyS0 at I/O 0x3f8 (irq = 4, base_baud = 115200) is a 16550A
[    0.509768] VMware PVSCSI driver - version 1.0.7.0-k
[    0.519908] scsi host0: ata_piix
[    0.520745] scsi host1: ata_piix
[    0.521498] ata1: PATA max MWDMA2 cmd 0x1f0 ctl 0x3f6 bmdma 0xc020 irq 14
[    0.522962] ata2: PATA max MWDMA2 cmd 0x170 ctl 0x376 bmdma 0xc028 irq 15
[    0.524489] i8042: PNP: PS/2 Controller [PNP0303:KBD,PNP0f13:MOU] at 0x60,0x64 irq 1,12
[    0.528336] serio: i8042 KBD port at 0x60,0x64 irq 1
[    0.529433] serio: i8042 AUX port at 0x60,0x64 irq 12
[    0.530605] rtc_cmos 00:05: RTC can wake from S4
[    0.532830] input: AT Translated Set 2 keyboard as /devices/platform/i8042/serio0/input/input0
[    0.535002] rtc_cmos 00:05: registered as rtc0
[    0.536118] rtc_cmos 00:05: setting system clock to 2026-09-18T09:04:34 UTC (1789722274)
[    0.537936] rtc_cmos 00:05: alarms up to one day, y3k, 242 bytes nvram, hpet irqs
[    0.539558] intel_pstate: CPU model not supported
[    0.540707] gre: GRE over IPv4 demultiplexor driver
[    0.549590] NET: Registered PF_INET6 protocol family
[    0.550994] Segment Routing with IPv6
[    0.551815] In-situ OAM (IOAM) with IPv6
[    0.552706] Key type dns_resolver registered
[    0.553665] IPI shorthand broadcast: enabled
[    0.555566] sched_clock: Marking stable (401211322, 149666657)->(563748325, -12870346)
[    0.561025] registered taskstats version 1
[    0.561994] Loading compiled-in X.509 certificates
[    0.689985] ata2: found unknown device (class 0)
[    0.692059] ata2.00: ATAPI: QEMU DVD-ROM, 2.5+, max UDMA/100
[    0.695250] scsi 1:0:0:0: CD-ROM            QEMU     QEMU DVD-ROM     2.5+ PQ: 0 ANSI: 5
[    1.688613] Freeing initrd memory: 146808K
[    1.695600] Loaded X.509 cert 'alpinelinux.org: Alpine Linux kernel key: d76a695f66ad9cd28f5c22a8508f36e91f521f7a'
[    1.698920] Key type .fscrypt registered
[    1.699825] Key type fscrypt-provisioning registered
[    1.701861] Freeing unused kernel image (initmem) memory: 2728K
[    1.702675] Write protecting the kernel read-only data: 24576k
[    1.704051] Freeing unused kernel image (rodata/data gap) memory: 1940K
[    1.704940] rodata_test: all tests were successful
[    1.705595] Run /init as init process
[    1.715769] 9pnet: Installing 9P2000 support
[    1.889690] raid6: avx512x4 gen() 46605 MB/s
[    2.059686] raid6: avx512x2 gen() 45743 MB/s
[    2.229687] raid6: avx512x1 gen() 46084 MB/s
[    2.399690] raid6: avx2x4   gen() 38306 MB/s
[    2.569686] raid6: avx2x2   gen() 38019 MB/s
[    2.739686] raid6: avx2x1   gen() 33935 MB/s
[    2.740281] raid6: using algorithm avx512x4 gen() 46605 MB/s
[    2.909683] raid6: .... xor() 10643 MB/s, rmw enabled
[    2.910337] raid6: using avx512x2 recovery algorithm
[    2.912072] xor: automatically using best checksumming function   avx       
[    2.978197] Btrfs loaded, zoned=no, fsverity=yes
[    2.983416] loop: module loaded
[    2.994916] FS-Cache: Loaded
[    2.998544] 9p: Installing v9fs 9p2000 file system support
R07_GUEST_READY
6.6.142-0-virt
	btrfs
[    3.023753] loop0: detected capacity change from 0 to 8388608
[    3.026700] BTRFS: device fsid 7ba88873-a899-4551-81f9-de9a984a3e6f devid 1 transid 6 /dev/loop0 scanned by mount (475)
[    3.028267] BTRFS info (device loop0): first mount of filesystem 7ba88873-a899-4551-81f9-de9a984a3e6f
[    3.029371] BTRFS info (device loop0): using crc32c (crc32c-intel) checksum algorithm
[    3.030339] BTRFS info (device loop0): using free space tree
[    3.032114] BTRFS info (device loop0): enabling ssd optimizations
[    3.032871] BTRFS info (device loop0): auto enabling async discard
[    3.033690] BTRFS info (device loop0): checking UUID tree
[    3.043753] BTRFS info (device loop0): last unmount of filesystem 7ba88873-a899-4551-81f9-de9a984a3e6f
[    3.054397] loop0: detected capacity change from 0 to 8388608
[    3.057447] BTRFS: device fsid 82a23f7a-da5a-42f6-9bf4-352a1989e87b devid 1 transid 6 /dev/loop0 scanned by mount (510)
[    3.059009] BTRFS info (device loop0): first mount of filesystem 82a23f7a-da5a-42f6-9bf4-352a1989e87b
[    3.060247] BTRFS info (device loop0): using crc32c (crc32c-intel) checksum algorithm
[    3.061177] BTRFS info (device loop0): using free space tree
[    3.063188] BTRFS info (device loop0): enabling ssd optimizations
[    3.063970] BTRFS info (device loop0): auto enabling async discard
[    3.064775] BTRFS info (device loop0): checking UUID tree
[    3.070405] BTRFS info (device loop0): last unmount of filesystem 82a23f7a-da5a-42f6-9bf4-352a1989e87b
[    3.080802] loop0: detected capacity change from 0 to 8388608
[    3.083762] BTRFS: device fsid a487f111-fbe0-4136-a133-c36d06bfaa0f devid 1 transid 6 /dev/loop0 scanned by mount (543)
[    3.085285] BTRFS info (device loop0): first mount of filesystem a487f111-fbe0-4136-a133-c36d06bfaa0f
[    3.086396] BTRFS info (device loop0): using crc32c (crc32c-intel) checksum algorithm
[    3.087349] BTRFS info (device loop0): using free space tree
[    3.089105] BTRFS info (device loop0): enabling ssd optimizations
[    3.089960] BTRFS info (device loop0): auto enabling async discard
[    3.090768] BTRFS info (device loop0): checking UUID tree
[    3.098375] BTRFS info (device loop0): last unmount of filesystem a487f111-fbe0-4136-a133-c36d06bfaa0f

running 3 tests
test r07_interrupted_fresh_checkout_repairs_ownership_on_retry ... Create subvolume '/tmp/.tmpYbUtWo/mnt/vol/v1/live/.creating-ws-1'
ok
test r07_invalid_staging_paths_are_refused_without_publication ... ok
test r07_restored_checkout_keeps_the_sources_ownership ... ok

test result: ok. 3 passed; 0 failed; 0 ignored; 0 measured; 19 filtered out; finished in 0.09s

R07_TEST_EXIT=0
[    3.109605] ACPI: PM: Preparing to enter system sleep state S5
[    3.110410] reboot: Power down
